// Jest Snapshot v1, https://goo.gl/fbAQLP

exports[`Home Page renders correctly 1`] = `
<div
  class="home-page"
>
  <h1>
    WHOIS Lookup
  </h1>
  <form
    onSubmit={[Function]}
  >
    <div
      class="form-group"
    >
      <input
        aria-describedby="emailHelp"
        class="form-control"
        id="whois-input"
        placeholder="Enter a domain name or IP address to lookup"
        type="whois"
      />
    </div>
    <button
      class="btn btn-primary"
      type="submit"
    >
      Submit
    </button>
  </form>
</div>
`;
