// Jest Snapshot v1, https://goo.gl/fbAQLP

exports[`RegistrarCard renders correctly with full data output 1`] = `
<div
  className="accordion-item"
>
  <h2
    className="accordion-header"
  >
    <button
      aria-expanded={false}
      className="accordion-button collapsed"
      onClick={[Function]}
      type="button"
    >
      Registrar Information
    </button>
  </h2>
  <div
    aria-expanded={null}
    className="accordion-collapse collapse"
  >
    <div
      className="accordion-body"
    >
      <strong>
        Name: 
      </strong>
      registrarName
      <br />
      <br />
      <strong>
        IANA ID: 
      </strong>
      registrarIANAID
      <br />
      <br />
      <strong>
        Contact Phone: 
      </strong>
      customField2Value
      <br />
      <br />
      <strong>
        Website: 
      </strong>
      customField3Value
    </div>
  </div>
</div>
`;
